node.exe : [1m[33m[
baseline-browser-mapp
ing] The data in 
this module is over 
two months old.  To 
ensure accurate 
Baseline data, 
please update: `npm 
i baseline-browser-ma
pping@latest 
-D`[39m[22m
En línea: 1 
Carácter: 1
+ & "C:\nvm4w\nodejs/
node.exe" "C:\nvm4w\n
odejs/node_modules/np
m/bin/np ...
+ ~~~~~~~~~~~~~~~~~~~
~~~~~~~~~~~~~~~~~~~~~
~~~~~~~~~~~~~~~~~~~~~
~~~~~~~~
    + CategoryInfo   
           : NotSpe  
  cified: ([1m[3   
 3m[basel...t -D`    
[39m[22m:Strin    
g) [], RemoteExc    
eption
    + FullyQualified 
   ErrorId : Native  
  CommandError
 
Application bundle generation failed. [4.603 seconds] - 2026-03-02T18:47:07.594Z

[1m[33m[33mÔû▓ [4
3;33m[[43;30mWARNING
[43;33m][0m 
[1mNG8113: Prices 
is not used within 
the template of 
LandingPage[0m 
[1m[35m[plugin 
angular-compiler][0m

    src/app/ui/landin
gPage/landing-page/la
nding-page.ts:14:32:
[37m      14 Ôöé   
imports: [Toolbar, 
Functions, 
[32mPrices[37m, 
Contact, Register, 
Login, ...
         ÔòÁ         
                     
   [32m~~~~~~[0m


[33mÔû▓ [43;33m[[4
3;30mWARNING[43;33m]
[0m [1mNG8113: 
Login is not used 
within the template 
of LandingPage[0m 
[1m[35m[plugin 
angular-compiler][0m

    src/app/ui/landin
gPage/landing-page/la
nding-page.ts:14:59:
[37m      14 Ôöé 
...s, Prices, 
Contact, Register, 
[32mLogin[37m, 
MatDialogModule, 
UpdatePlan],
         ÔòÁ         
                     
    [32m~~~~~[0m

[39m[22m
[1m[31m[31mX [41;
31m[[41;97mERROR[41
;31m][0m 
[1mTS2741: Property 
'individualValues' 
is missing in type 
'{ id: string; 
requestId: string; 
requestTitle: 
string; 
fromBusinessId: 
string; 
toBusinessId: 
string; status: 
"sent"; 
emissionDate: Date; 
expirationDate: 
Date; description: 
string; totalValue: 
number; 
deliveryTime: 
string; createdAt: 
Date; }' but 
required in type 
'Quotation'.[0m 
[1m[35m[plugin 
angular-compiler][0m

    src/app/infraestr
ucture/services/quota
tion/quotation.servic
e.ts:14:8:
[37m      14 Ôöé    
     [32m{[37m
         ÔòÁ         
[32m^[0m

  'individualValues' 
is declared here.

    src/app/contexts/
quotation/domain/mode
ls/quotation.model.ts
:19:4:
[37m      19 Ôöé    
 [32mindividualValue
s[37m: QuotationProd
uctValue[]; // valor 
individual...
         ÔòÁ     [32
m~~~~~~~~~~~~~~~~[0m


[31mX [41;31m[[41;
97mERROR[41;31m][0m
 [1mTS2741: 
Property 
'individualValues' 
is missing in type 
'{ id: string; 
requestId: string; 
requestTitle: 
string; 
fromBusinessId: 
string; 
toBusinessId: 
string; status: 
"pending"; 
emissionDate: Date; 
expirationDate: 
Date; description: 
string; totalValue: 
number; 
deliveryTime: 
string; createdAt: 
Date; }' but 
required in type 
'Quotation'.[0m 
[1m[35m[plugin 
angular-compiler][0m

    src/app/infraestr
ucture/services/quota
tion/quotation.servic
e.ts:29:8:
[37m      29 Ôöé    
     [32m{[37m
         ÔòÁ         
[32m^[0m

  'individualValues' 
is declared here.

    src/app/contexts/
quotation/domain/mode
ls/quotation.model.ts
:19:4:
[37m      19 Ôöé    
 [32mindividualValue
s[37m: QuotationProd
uctValue[]; // valor 
individual...
         ÔòÁ     [32
m~~~~~~~~~~~~~~~~[0m


[31mX [41;31m[[41;
97mERROR[41;31m][0m
 [1mTS2741: 
Property 
'individualValues' 
is missing in type 
'{ id: string; 
requestId: string; 
requestTitle: 
string; 
fromBusinessId: 
string; 
toBusinessId: 
string; status: 
"pending"; 
emissionDate: Date; 
expirationDate: 
Date; description: 
string; totalValue: 
number; 
deliveryTime: 
string; createdAt: 
Date; }' but 
required in type 
'Quotation'.[0m 
[1m[35m[plugin 
angular-compiler][0m

    src/app/infraestr
ucture/services/quota
tion/quotation.servic
e.ts:43:8:
[37m      43 Ôöé    
     [32m{[37m
         ÔòÁ         
[32m^[0m

  'individualValues' 
is declared here.

    src/app/contexts/
quotation/domain/mode
ls/quotation.model.ts
:19:4:
[37m      19 Ôöé    
 [32mindividualValue
s[37m: QuotationProd
uctValue[]; // valor 
individual...
         ÔòÁ     [32
m~~~~~~~~~~~~~~~~[0m

[39m[22m
